2025-12-30 21:09:42 - StockClustering - INFO - main:72 - Args Data Collect : True
2025-12-30 21:11:18 - StockClustering - INFO - main:72 - Args Data Collect : True
2025-12-30 21:11:44 - StockClustering - INFO - main:72 - Args Data Collect : True
2025-12-30 21:11:44 - StockClustering - INFO - main:82 - Start collecting
2025-12-30 21:11:44 - StockClustering - ERROR - main:87 - Data collection failed: 'Namespace' object has no attribute 'start'
Traceback (most recent call last):
  File "D:\ai-quant\Project_1\youngsig\src\main.py", line 84, in main
    collect_create_data.data_download(start_date=args.start, end_date=args.end)
                                                 ^^^^^^^^^^
AttributeError: 'Namespace' object has no attribute 'start'
2025-12-30 21:12:26 - StockClustering - INFO - main:72 - Args Data Collect : True
2025-12-30 21:12:26 - StockClustering - INFO - main:82 - Start collecting
2025-12-30 21:12:26 - StockClustering - ERROR - main:88 - Data collection failed: name 'SCRIPT_DIR' is not defined
Traceback (most recent call last):
  File "D:\ai-quant\Project_1\youngsig\src\main.py", line 85, in main
    collect_create_data.data_download()
    ~~~~~~~~~~~~~~~~~~~~~~~~~~~~~~~~~^^
  File "D:\ai-quant\Project_1\youngsig\src\collect_create_data.py", line 45, in data_download
    print(f"ÏûëÏóÖ ÎîîÎ†âÌÜ†Î¶¨: {SCRIPT_DIR}")
                            ^^^^^^^^^^
NameError: name 'SCRIPT_DIR' is not defined
2025-12-30 21:13:34 - StockClustering - INFO - main:72 - Args Data Collect : True
2025-12-30 21:13:34 - StockClustering - INFO - main:82 - Start collecting
2025-12-30 21:13:34 - StockClustering - ERROR - main:88 - Data collection failed: stock_list.csvÎ•º Ï∞æÏùÑ Ïàò ÏóÜÏäµÎãàÎã§: D:\ai-quant\data\list\stock_list.csv
Traceback (most recent call last):
  File "D:\ai-quant\Project_1\youngsig\src\main.py", line 85, in main
    collect_create_data.data_download()
    ~~~~~~~~~~~~~~~~~~~~~~~~~~~~~~~~~^^
  File "D:\ai-quant\Project_1\youngsig\src\collect_create_data.py", line 51, in data_download
    raise FileNotFoundError(f"stock_list.csvÎ•º Ï∞æÏùÑ Ïàò ÏóÜÏäµÎãàÎã§: {STOCK_LIST_FILE}")
FileNotFoundError: stock_list.csvÎ•º Ï∞æÏùÑ Ïàò ÏóÜÏäµÎãàÎã§: D:\ai-quant\data\list\stock_list.csv
2025-12-30 21:14:48 - StockClustering - INFO - main:72 - Args Data Collect : True
2025-12-30 21:14:48 - StockClustering - INFO - main:82 - Start collecting
2025-12-30 21:14:48 - StockClustering - ERROR - main:88 - Data collection failed: stock_list.csvÎ•º Ï∞æÏùÑ Ïàò ÏóÜÏäµÎãàÎã§: D:\ai-quant\Project_1\data\list\stock_list.csv
Traceback (most recent call last):
  File "D:\ai-quant\Project_1\youngsig\src\main.py", line 85, in main
    collect_create_data.data_download()
    ~~~~~~~~~~~~~~~~~~~~~~~~~~~~~~~~~^^
  File "D:\ai-quant\Project_1\youngsig\src\collect_create_data.py", line 51, in data_download
    raise FileNotFoundError(f"stock_list.csvÎ•º Ï∞æÏùÑ Ïàò ÏóÜÏäµÎãàÎã§: {STOCK_LIST_FILE}")
FileNotFoundError: stock_list.csvÎ•º Ï∞æÏùÑ Ïàò ÏóÜÏäµÎãàÎã§: D:\ai-quant\Project_1\data\list\stock_list.csv
2025-12-30 21:15:49 - StockClustering - INFO - main:72 - Args Data Collect : True
2025-12-30 21:15:49 - StockClustering - INFO - main:82 - Start collecting
2025-12-30 21:16:10 - StockClustering - ERROR - main:88 - Data collection failed: Missing optional dependency 'openpyxl'.  Use pip or conda to install openpyxl.
Traceback (most recent call last):
  File "C:\Users\ParkYoungSig\.conda\envs\myp\Lib\site-packages\pandas\compat\_optional.py", line 135, in import_optional_dependency
    module = importlib.import_module(name)
  File "C:\Users\ParkYoungSig\.conda\envs\myp\Lib\importlib\__init__.py", line 88, in import_module
    return _bootstrap._gcd_import(name[level:], package, level)
           ~~~~~~~~~~~~~~~~~~~~~~^^^^^^^^^^^^^^^^^^^^^^^^^^^^^^
  File "<frozen importlib._bootstrap>", line 1398, in _gcd_import
  File "<frozen importlib._bootstrap>", line 1371, in _find_and_load
  File "<frozen importlib._bootstrap>", line 1335, in _find_and_load_unlocked
ModuleNotFoundError: No module named 'openpyxl'

During handling of the above exception, another exception occurred:

Traceback (most recent call last):
  File "D:\ai-quant\Project_1\youngsig\src\main.py", line 85, in main
    collect_create_data.data_download()
    ~~~~~~~~~~~~~~~~~~~~~~~~~~~~~~~~~^^
  File "D:\ai-quant\Project_1\youngsig\src\collect_create_data.py", line 271, in data_download
    excel_file_obj = pd.ExcelFile(FINANCIALS_FILE)
  File "C:\Users\ParkYoungSig\.conda\envs\myp\Lib\site-packages\pandas\io\excel\_base.py", line 1567, in __init__
    self._reader = self._engines[engine](
                   ~~~~~~~~~~~~~~~~~~~~~^
        self._io,
        ^^^^^^^^^
        storage_options=storage_options,
        ^^^^^^^^^^^^^^^^^^^^^^^^^^^^^^^^
        engine_kwargs=engine_kwargs,
        ^^^^^^^^^^^^^^^^^^^^^^^^^^^^
    )
    ^
  File "C:\Users\ParkYoungSig\.conda\envs\myp\Lib\site-packages\pandas\io\excel\_openpyxl.py", line 552, in __init__
    import_optional_dependency("openpyxl")
    ~~~~~~~~~~~~~~~~~~~~~~~~~~^^^^^^^^^^^^
  File "C:\Users\ParkYoungSig\.conda\envs\myp\Lib\site-packages\pandas\compat\_optional.py", line 138, in import_optional_dependency
    raise ImportError(msg)
ImportError: Missing optional dependency 'openpyxl'.  Use pip or conda to install openpyxl.
2025-12-30 21:17:41 - StockClustering - INFO - main:72 - Args Data Collect : True
2025-12-30 21:17:41 - StockClustering - INFO - main:82 - Start collecting
2025-12-30 21:25:48 - StockClustering - INFO - main:86 - End   collecting
2025-12-30 21:27:56 - StockClustering - INFO - main:72 - Args Data Collect : False
2025-12-30 21:27:56 - StockClustering - INFO - main:92 - Start loading data from collected already
2025-12-30 21:27:56 - StockClustering - ERROR - main:124 - Fatal error: name 'SCRIPT_DIR' is not defined
Traceback (most recent call last):
  File "D:\ai-quant\Project_1\youngsig\src\main.py", line 93, in main
    df = collect_create_data.data_load()
  File "D:\ai-quant\Project_1\youngsig\src\collect_create_data.py", line 633, in data_load
    print(f"üìç Ïä§ÌÅ¨Î¶ΩÌä∏ ÏúÑÏπò: {SCRIPT_DIR}")
                               ^^^^^^^^^^
NameError: name 'SCRIPT_DIR' is not defined
2025-12-30 21:29:08 - StockClustering - INFO - main:72 - Args Data Collect : False
2025-12-30 21:29:08 - StockClustering - INFO - main:92 - Start loading data from collected already
2025-12-30 21:29:10 - StockClustering - INFO - main:99 - End   loading data
2025-12-30 21:29:10 - StockClustering - INFO - main:101 - Start KMeans clustering
2025-12-30 21:29:10 - StockClustering - ERROR - main:124 - Fatal error: [WinError 3] ÏßÄÏ†ïÎêú Í≤ΩÎ°úÎ•º Ï∞æÏùÑ Ïàò ÏóÜÏäµÎãàÎã§: 'C:\\Users\\gkrry\\AI-Quant\\StockClustering\\Îç∞Ïù¥ÌÑ∞\\Îç∞Ïù¥ÌÑ∞ ÏàòÏßë Î∞è Ï†ÑÏ≤òÎ¶¨\\data'
Traceback (most recent call last):
  File "D:\ai-quant\Project_1\youngsig\src\main.py", line 103, in main
    kmm_report = run_kmeans_clustering(cfg)
  File "D:\ai-quant\Project_1\youngsig\src\kmm_clustering.py", line 74, in run_kmeans_clustering
    df_all = load_parquets_to_df_all(cfg.data_folder)
  File "D:\ai-quant\Project_1\youngsig\src\kmm\kmm_pipeline.py", line 38, in load_parquets_to_df_all
    f for f in os.listdir(data_folder) if f.lower().endswith(".parquet")
               ~~~~~~~~~~^^^^^^^^^^^^^
FileNotFoundError: [WinError 3] ÏßÄÏ†ïÎêú Í≤ΩÎ°úÎ•º Ï∞æÏùÑ Ïàò ÏóÜÏäµÎãàÎã§: 'C:\\Users\\gkrry\\AI-Quant\\StockClustering\\Îç∞Ïù¥ÌÑ∞\\Îç∞Ïù¥ÌÑ∞ ÏàòÏßë Î∞è Ï†ÑÏ≤òÎ¶¨\\data'
2025-12-30 21:30:04 - StockClustering - INFO - main:72 - Args Data Collect : False
2025-12-30 21:30:04 - StockClustering - INFO - main:92 - Start loading data from collected already
2025-12-30 21:30:06 - StockClustering - INFO - main:99 - End   loading data
2025-12-30 21:30:39 - StockClustering - INFO - main:72 - Args Data Collect : False
2025-12-30 21:30:39 - StockClustering - INFO - main:92 - Start loading data from collected already
2025-12-30 21:30:40 - StockClustering - INFO - main:99 - End   loading data
2025-12-30 21:30:40 - StockClustering - INFO - main:101 - Start KMeans clustering
2025-12-30 21:30:40 - StockClustering - ERROR - main:124 - Fatal error: [WinError 3] ÏßÄÏ†ïÎêú Í≤ΩÎ°úÎ•º Ï∞æÏùÑ Ïàò ÏóÜÏäµÎãàÎã§: 'C:\\Users\\gkrry\\AI-Quant\\StockClustering\\Îç∞Ïù¥ÌÑ∞\\Îç∞Ïù¥ÌÑ∞ ÏàòÏßë Î∞è Ï†ÑÏ≤òÎ¶¨\\data'
Traceback (most recent call last):
  File "D:\ai-quant\Project_1\youngsig\src\main.py", line 103, in main
    kmm_report = run_kmeans_clustering(cfg)
  File "D:\ai-quant\Project_1\youngsig\src\kmm_clustering.py", line 74, in run_kmeans_clustering
    df_all = load_parquets_to_df_all(cfg.data_folder)
  File "D:\ai-quant\Project_1\youngsig\src\kmm\kmm_pipeline.py", line 38, in load_parquets_to_df_all
    f for f in os.listdir(data_folder) if f.lower().endswith(".parquet")
               ~~~~~~~~~~^^^^^^^^^^^^^
FileNotFoundError: [WinError 3] ÏßÄÏ†ïÎêú Í≤ΩÎ°úÎ•º Ï∞æÏùÑ Ïàò ÏóÜÏäµÎãàÎã§: 'C:\\Users\\gkrry\\AI-Quant\\StockClustering\\Îç∞Ïù¥ÌÑ∞\\Îç∞Ïù¥ÌÑ∞ ÏàòÏßë Î∞è Ï†ÑÏ≤òÎ¶¨\\data'
2025-12-30 21:41:13 - StockClustering - INFO - main:72 - Args Data Collect : False
2025-12-30 21:41:13 - StockClustering - INFO - main:92 - Start loading data from collected already
2025-12-30 21:41:15 - StockClustering - INFO - main:99 - End   loading data
2025-12-30 21:41:15 - StockClustering - INFO - main:101 - Start KMeans clustering
2025-12-30 21:41:53 - StockClustering - INFO - main:104 - End   KMeans clustering
2025-12-30 21:42:35 - StockClustering - INFO - main:72 - Args Data Collect : False
2025-12-30 21:42:35 - StockClustering - INFO - main:92 - Start loading data from collected already
2025-12-30 21:42:37 - StockClustering - INFO - main:99 - End   loading data
2025-12-30 21:42:48 - StockClustering - ERROR - main:124 - Fatal error: 'Year'
Traceback (most recent call last):
  File "C:\Users\ParkYoungSig\.conda\envs\myp\Lib\site-packages\pandas\core\indexes\base.py", line 3812, in get_loc
    return self._engine.get_loc(casted_key)
           ~~~~~~~~~~~~~~~~~~~~^^^^^^^^^^^^
  File "pandas/_libs/index.pyx", line 167, in pandas._libs.index.IndexEngine.get_loc
  File "pandas/_libs/index.pyx", line 196, in pandas._libs.index.IndexEngine.get_loc
  File "pandas/_libs/hashtable_class_helper.pxi", line 7088, in pandas._libs.hashtable.PyObjectHashTable.get_item
  File "pandas/_libs/hashtable_class_helper.pxi", line 7096, in pandas._libs.hashtable.PyObjectHashTable.get_item
KeyError: 'Year'

The above exception was the direct cause of the following exception:

Traceback (most recent call last):
  File "D:\ai-quant\Project_1\youngsig\src\main.py", line 108, in main
    gmm_report = gmm.run()
  File "D:\ai-quant\Project_1\youngsig\src\gmm_clustering.py", line 328, in run
    return run_gmm_pipeline(
        df=self.df,
    ...<2 lines>...
        manual_k=manual_k,
    )
  File "D:\ai-quant\Project_1\youngsig\src\gmm_clustering.py", line 129, in run_gmm_pipeline
    years = df_clean["Year"].to_numpy()
            ~~~~~~~~^^^^^^^^
  File "C:\Users\ParkYoungSig\.conda\envs\myp\Lib\site-packages\pandas\core\frame.py", line 4113, in __getitem__
    indexer = self.columns.get_loc(key)
  File "C:\Users\ParkYoungSig\.conda\envs\myp\Lib\site-packages\pandas\core\indexes\base.py", line 3819, in get_loc
    raise KeyError(key) from err
KeyError: 'Year'
2025-12-30 21:43:46 - StockClustering - INFO - main:72 - Args Data Collect : False
2025-12-30 21:43:46 - StockClustering - INFO - main:92 - Start loading data from collected already
2025-12-30 21:43:48 - StockClustering - INFO - main:99 - End   loading data
2025-12-30 21:43:48 - StockClustering - INFO - main:111 - Start HDBScan clustering
2025-12-30 21:43:49 - StockClustering - ERROR - main:124 - Fatal error: 'NoneType' object has no attribute 'empty'
Traceback (most recent call last):
  File "D:\ai-quant\Project_1\youngsig\src\main.py", line 113, in main
    run_hdb_clustering(df)
    ~~~~~~~~~~~~~~~~~~^^^^
  File "D:\ai-quant\Project_1\youngsig\src\hdb_clustering.py", line 230, in run_hdb_clustering
    if not df.empty:
           ^^^^^^^^
AttributeError: 'NoneType' object has no attribute 'empty'
2025-12-30 21:47:36 - StockClustering - INFO - main:72 - Args Data Collect : False
2025-12-30 21:47:36 - StockClustering - INFO - main:92 - Start loading data from collected already
2025-12-30 21:47:37 - StockClustering - INFO - main:99 - End   loading data
2025-12-30 21:47:37 - StockClustering - INFO - main:111 - Start HDBScan clustering
2025-12-30 21:47:38 - StockClustering - ERROR - main:124 - Fatal error: 'NoneType' object has no attribute 'empty'
Traceback (most recent call last):
  File "D:\ai-quant\Project_1\youngsig\src\main.py", line 113, in main
    run_hdb_clustering(df)
    ~~~~~~~~~~~~~~~~~~^^^^
  File "D:\ai-quant\Project_1\youngsig\src\hdb_clustering.py", line 230, in run_hdb_clustering
    if not df.empty:
           ^^^^^^^^
AttributeError: 'NoneType' object has no attribute 'empty'
2025-12-30 21:49:30 - StockClustering - INFO - main:72 - Args Data Collect : False
2025-12-30 21:49:30 - StockClustering - INFO - main:92 - Start loading data from collected already
2025-12-30 21:49:31 - StockClustering - INFO - main:99 - End   loading data
2025-12-30 21:49:31 - StockClustering - INFO - main:111 - Start HDBScan clustering
2025-12-30 21:49:32 - StockClustering - INFO - main:114 - End   HDBScan clustering
2025-12-30 21:50:09 - StockClustering - INFO - main:72 - Args Data Collect : False
2025-12-30 21:50:09 - StockClustering - INFO - main:92 - Start loading data from collected already
2025-12-30 21:50:11 - StockClustering - INFO - main:99 - End   loading data
2025-12-30 21:50:11 - StockClustering - INFO - main:106 - Start GMM clustering
2025-12-30 21:50:22 - StockClustering - ERROR - main:124 - Fatal error: 'Year'
Traceback (most recent call last):
  File "C:\Users\ParkYoungSig\.conda\envs\myp\Lib\site-packages\pandas\core\indexes\base.py", line 3812, in get_loc
    return self._engine.get_loc(casted_key)
           ~~~~~~~~~~~~~~~~~~~~^^^^^^^^^^^^
  File "pandas/_libs/index.pyx", line 167, in pandas._libs.index.IndexEngine.get_loc
  File "pandas/_libs/index.pyx", line 196, in pandas._libs.index.IndexEngine.get_loc
  File "pandas/_libs/hashtable_class_helper.pxi", line 7088, in pandas._libs.hashtable.PyObjectHashTable.get_item
  File "pandas/_libs/hashtable_class_helper.pxi", line 7096, in pandas._libs.hashtable.PyObjectHashTable.get_item
KeyError: 'Year'

The above exception was the direct cause of the following exception:

Traceback (most recent call last):
  File "D:\ai-quant\Project_1\youngsig\src\main.py", line 108, in main
    gmm_report = gmm.run()
  File "D:\ai-quant\Project_1\youngsig\src\gmm_clustering.py", line 328, in run
    return run_gmm_pipeline(
        df=self.df,
    ...<2 lines>...
        manual_k=manual_k,
    )
  File "D:\ai-quant\Project_1\youngsig\src\gmm_clustering.py", line 129, in run_gmm_pipeline
    years = df_clean["Year"].to_numpy()
            ~~~~~~~~^^^^^^^^
  File "C:\Users\ParkYoungSig\.conda\envs\myp\Lib\site-packages\pandas\core\frame.py", line 4113, in __getitem__
    indexer = self.columns.get_loc(key)
  File "C:\Users\ParkYoungSig\.conda\envs\myp\Lib\site-packages\pandas\core\indexes\base.py", line 3819, in get_loc
    raise KeyError(key) from err
KeyError: 'Year'
2025-12-30 22:03:09 - StockClustering - INFO - main:72 - Args Data Collect : False
2025-12-30 22:03:09 - StockClustering - INFO - main:92 - Start loading data from collected already
2025-12-30 22:03:11 - StockClustering - INFO - main:99 - End   loading data
2025-12-30 22:03:11 - StockClustering - INFO - main:106 - Start GMM clustering
2025-12-30 22:03:11 - StockClustering - ERROR - main:124 - Fatal error: name 'config' is not defined
Traceback (most recent call last):
  File "D:\ai-quant\Project_1\youngsig\src\main.py", line 107, in main
    gmm = GMM(df)
  File "D:\ai-quant\Project_1\youngsig\src\gmm_clustering.py", line 314, in __init__
    self.results_dir = results_dir or Path(config.DEFAULT_RESULTS_DIR_NAME)
                                           ^^^^^^
NameError: name 'config' is not defined
2025-12-30 22:05:32 - StockClustering - INFO - main:72 - Args Data Collect : False
2025-12-30 22:05:32 - StockClustering - INFO - main:92 - Start loading data from collected already
2025-12-30 22:05:34 - StockClustering - INFO - main:99 - End   loading data
2025-12-30 22:05:34 - StockClustering - INFO - main:106 - Start GMM clustering
2025-12-30 22:05:45 - StockClustering - ERROR - main:124 - Fatal error: 'Year'
Traceback (most recent call last):
  File "C:\Users\ParkYoungSig\.conda\envs\myp\Lib\site-packages\pandas\core\indexes\base.py", line 3812, in get_loc
    return self._engine.get_loc(casted_key)
           ~~~~~~~~~~~~~~~~~~~~^^^^^^^^^^^^
  File "pandas/_libs/index.pyx", line 167, in pandas._libs.index.IndexEngine.get_loc
  File "pandas/_libs/index.pyx", line 196, in pandas._libs.index.IndexEngine.get_loc
  File "pandas/_libs/hashtable_class_helper.pxi", line 7088, in pandas._libs.hashtable.PyObjectHashTable.get_item
  File "pandas/_libs/hashtable_class_helper.pxi", line 7096, in pandas._libs.hashtable.PyObjectHashTable.get_item
KeyError: 'Year'

The above exception was the direct cause of the following exception:

Traceback (most recent call last):
  File "D:\ai-quant\Project_1\youngsig\src\main.py", line 108, in main
    gmm_report = gmm.run()
  File "D:\ai-quant\Project_1\youngsig\src\gmm_clustering.py", line 333, in run
    return run_gmm_pipeline(
        df=self.df,
    ...<2 lines>...
        manual_k=manual_k,
    )
  File "D:\ai-quant\Project_1\youngsig\src\gmm_clustering.py", line 134, in run_gmm_pipeline
    years = df_clean["Year"].to_numpy()
            ~~~~~~~~^^^^^^^^
  File "C:\Users\ParkYoungSig\.conda\envs\myp\Lib\site-packages\pandas\core\frame.py", line 4113, in __getitem__
    indexer = self.columns.get_loc(key)
  File "C:\Users\ParkYoungSig\.conda\envs\myp\Lib\site-packages\pandas\core\indexes\base.py", line 3819, in get_loc
    raise KeyError(key) from err
KeyError: 'Year'
